../Core/Src/main.c:144:6:read_distance	16	static
../Core/Src/main.c:172:6:avance	8	static
../Core/Src/main.c:177:6:stop	8	static
../Core/Src/main.c:186:6:trun_Right	8	static
../Core/Src/main.c:191:6:HAL_TIM_IC_CaptureCallback	16	static
../Core/Src/main.c:232:6:HAL_TIM_PeriodElapsedCallback	16	static
../Core/Src/main.c:270:6:asservissement_vitesse_moteur_right	16	static
../Core/Src/main.c:286:6:asservissement_vitesse_moteur_left	16	static
../Core/Src/main.c:300:6:initialisation	4	static
../Core/Src/main.c:320:6:clignoter_led	16	static
../Core/Src/main.c:329:6:stop_beb	16	static
../Core/Src/main.c:349:5:main	8	static
../Core/Src/main.c:458:6:SystemClock_Config	88	static
../Core/Src/main.c:500:13:MX_TIM1_Init	96	static
../Core/Src/main.c:579:13:MX_TIM2_Init	72	static
../Core/Src/main.c:646:13:MX_TIM3_Init	64	static
../Core/Src/main.c:709:13:MX_TIM4_Init	48	static
../Core/Src/main.c:767:13:MX_TIM5_Init	72	static
../Core/Src/main.c:834:13:MX_TIM6_Init	16	static
../Core/Src/main.c:872:13:MX_TIM8_Init	32	static
../Core/Src/main.c:918:13:MX_USART2_UART_Init	8	static
../Core/Src/main.c:951:13:MX_GPIO_Init	48	static
../Core/Src/main.c:982:6:calcul	16	static
../Core/Src/main.c:1010:6:usDelay	16	static
../Core/Src/main.c:1028:6:Error_Handler	4	static,ignoring_inline_asm
