Archive member included to satisfy reference by file (symbol)

c:/st/stm32cubeide_1.9.0/stm32cubeide/plugins/com.st.stm32cube.ide.mcu.externaltools.gnu-tools-for-stm32.10.3-2021.10.win32_1.0.0.202111181127/tools/bin/../lib/gcc/arm-none-eabi/10.3.1/../../../../arm-none-eabi/lib/thumb/v7e-m+fp/hard\libc_nano.a(lib_a-errno.o)
                              ./Core/Src/syscalls.o (__errno)
c:/st/stm32cubeide_1.9.0/stm32cubeide/plugins/com.st.stm32cube.ide.mcu.externaltools.gnu-tools-for-stm32.10.3-2021.10.win32_1.0.0.202111181127/tools/bin/../lib/gcc/arm-none-eabi/10.3.1/../../../../arm-none-eabi/lib/thumb/v7e-m+fp/hard\libc_nano.a(lib_a-exit.o)
                              c:/st/stm32cubeide_1.9.0/stm32cubeide/plugins/com.st.stm32cube.ide.mcu.externaltools.gnu-tools-for-stm32.10.3-2021.10.win32_1.0.0.202111181127/tools/bin/../lib/gcc/arm-none-eabi/10.3.1/../../../../arm-none-eabi/lib/thumb/v7e-m+fp/hard/crt0.o (exit)
c:/st/stm32cubeide_1.9.0/stm32cubeide/plugins/com.st.stm32cube.ide.mcu.externaltools.gnu-tools-for-stm32.10.3-2021.10.win32_1.0.0.202111181127/tools/bin/../lib/gcc/arm-none-eabi/10.3.1/../../../../arm-none-eabi/lib/thumb/v7e-m+fp/hard\libc_nano.a(lib_a-impure.o)
                              c:/st/stm32cubeide_1.9.0/stm32cubeide/plugins/com.st.stm32cube.ide.mcu.externaltools.gnu-tools-for-stm32.10.3-2021.10.win32_1.0.0.202111181127/tools/bin/../lib/gcc/arm-none-eabi/10.3.1/../../../../arm-none-eabi/lib/thumb/v7e-m+fp/hard\libc_nano.a(lib_a-exit.o) (_global_impure_ptr)
c:/st/stm32cubeide_1.9.0/stm32cubeide/plugins/com.st.stm32cube.ide.mcu.externaltools.gnu-tools-for-stm32.10.3-2021.10.win32_1.0.0.202111181127/tools/bin/../lib/gcc/arm-none-eabi/10.3.1/../../../../arm-none-eabi/lib/thumb/v7e-m+fp/hard\libc_nano.a(lib_a-init.o)
                              c:/st/stm32cubeide_1.9.0/stm32cubeide/plugins/com.st.stm32cube.ide.mcu.externaltools.gnu-tools-for-stm32.10.3-2021.10.win32_1.0.0.202111181127/tools/bin/../lib/gcc/arm-none-eabi/10.3.1/../../../../arm-none-eabi/lib/thumb/v7e-m+fp/hard/crt0.o (__libc_init_array)
c:/st/stm32cubeide_1.9.0/stm32cubeide/plugins/com.st.stm32cube.ide.mcu.externaltools.gnu-tools-for-stm32.10.3-2021.10.win32_1.0.0.202111181127/tools/bin/../lib/gcc/arm-none-eabi/10.3.1/../../../../arm-none-eabi/lib/thumb/v7e-m+fp/hard\libc_nano.a(lib_a-memset.o)
                              c:/st/stm32cubeide_1.9.0/stm32cubeide/plugins/com.st.stm32cube.ide.mcu.externaltools.gnu-tools-for-stm32.10.3-2021.10.win32_1.0.0.202111181127/tools/bin/../lib/gcc/arm-none-eabi/10.3.1/../../../../arm-none-eabi/lib/thumb/v7e-m+fp/hard/crt0.o (memset)
c:/st/stm32cubeide_1.9.0/stm32cubeide/plugins/com.st.stm32cube.ide.mcu.externaltools.gnu-tools-for-stm32.10.3-2021.10.win32_1.0.0.202111181127/tools/bin/../lib/gcc/arm-none-eabi/10.3.1/thumb/v7e-m+fp/hard\libgcc.a(_arm_muldf3.o)
                              ./Core/Src/main.o (__aeabi_dmul)
c:/st/stm32cubeide_1.9.0/stm32cubeide/plugins/com.st.stm32cube.ide.mcu.externaltools.gnu-tools-for-stm32.10.3-2021.10.win32_1.0.0.202111181127/tools/bin/../lib/gcc/arm-none-eabi/10.3.1/thumb/v7e-m+fp/hard\libgcc.a(_arm_addsubdf3.o)
                              ./Core/Src/main.o (__aeabi_dsub)
c:/st/stm32cubeide_1.9.0/stm32cubeide/plugins/com.st.stm32cube.ide.mcu.externaltools.gnu-tools-for-stm32.10.3-2021.10.win32_1.0.0.202111181127/tools/bin/../lib/gcc/arm-none-eabi/10.3.1/thumb/v7e-m+fp/hard\libgcc.a(_arm_muldivdf3.o)
                              ./Core/Src/main.o (__aeabi_ddiv)
c:/st/stm32cubeide_1.9.0/stm32cubeide/plugins/com.st.stm32cube.ide.mcu.externaltools.gnu-tools-for-stm32.10.3-2021.10.win32_1.0.0.202111181127/tools/bin/../lib/gcc/arm-none-eabi/10.3.1/thumb/v7e-m+fp/hard\libgcc.a(_arm_cmpdf2.o)
                              ./Core/Src/main.o (__aeabi_dcmplt)
c:/st/stm32cubeide_1.9.0/stm32cubeide/plugins/com.st.stm32cube.ide.mcu.externaltools.gnu-tools-for-stm32.10.3-2021.10.win32_1.0.0.202111181127/tools/bin/../lib/gcc/arm-none-eabi/10.3.1/thumb/v7e-m+fp/hard\libgcc.a(_arm_fixunsdfsi.o)
                              ./Core/Src/main.o (__aeabi_d2uiz)
c:/st/stm32cubeide_1.9.0/stm32cubeide/plugins/com.st.stm32cube.ide.mcu.externaltools.gnu-tools-for-stm32.10.3-2021.10.win32_1.0.0.202111181127/tools/bin/../lib/gcc/arm-none-eabi/10.3.1/thumb/v7e-m+fp/hard\libgcc.a(_arm_truncdfsf2.o)
                              ./Core/Src/main.o (__aeabi_d2f)
c:/st/stm32cubeide_1.9.0/stm32cubeide/plugins/com.st.stm32cube.ide.mcu.externaltools.gnu-tools-for-stm32.10.3-2021.10.win32_1.0.0.202111181127/tools/bin/../lib/gcc/arm-none-eabi/10.3.1/thumb/v7e-m+fp/hard\libgcc.a(_aeabi_uldivmod.o)
                              ./Drivers/STM32F4xx_HAL_Driver/Src/stm32f4xx_hal_rcc.o (__aeabi_uldivmod)
c:/st/stm32cubeide_1.9.0/stm32cubeide/plugins/com.st.stm32cube.ide.mcu.externaltools.gnu-tools-for-stm32.10.3-2021.10.win32_1.0.0.202111181127/tools/bin/../lib/gcc/arm-none-eabi/10.3.1/thumb/v7e-m+fp/hard\libgcc.a(_udivmoddi4.o)
[...]
Memory Configuration

Name             Origin             Length             Attributes
CCMRAM           0x0000000010000000 0x0000000000010000 xrw
RAM              0x0000000020000000 0x0000000000020000 xrw
FLASH            0x0000000008000000 0x0000000000100000 xr
*default*        0x0000000000000000 0xffffffffffffffff

Linker script and memory map

LOAD c:/st/stm32cubeide_1.9.0/stm32cubeide/plugins/com.st.stm32cube.ide.mcu.externaltools.gnu-tools-for-stm32.10.3-2021.10.win32_1.0.0.202111181127/tools/bin/../lib/gcc/arm-none-eabi/10.3.1/thumb/v7e-m+fp/hard/crti.o
LOAD c:/st/stm32cubeide_1.9.0/stm32cubeide/plugins/com.st.stm32cube.ide.mcu.externaltools.gnu-tools-for-stm32.10.3-2021.10.win32_1.0.0.202111181127/tools/bin/../lib/gcc/arm-none-eabi/10.3.1/thumb/v7e-m+fp/hard/crtbegin.o
LOAD c:/st/stm32cubeide_1.9.0/stm32cubeide/plugins/com.st.stm32cube.ide.mcu.externaltools.gnu-tools-for-stm32.10.3-2021.10.win32_1.0.0.202111181127/tools/bin/../lib/gcc/arm-none-eabi/10.3.1/../../../../arm-none-eabi/lib/thumb/v7e-m+fp/hard/crt0.o
LOAD ./Core/Src/main.o
LOAD ./Core/Src/stm32f4xx_hal_msp.o
LOAD ./Core/Src/stm32f4xx_it.o
LOAD ./Core/Src/syscalls.o
LOAD ./Core/Src/sysmem.o
LOAD ./Core/Src/system_stm32f4xx.o
LOAD ./Core/Startup/startup_stm32f407vgtx.o
LOAD ./Drivers/STM32F4xx_HAL_Driver/Src/stm32f4xx_hal.o
LOAD ./Drivers/STM32F4xx_HAL_Driver/Src/stm32f4xx_hal_cortex.o
LOAD ./Drivers/STM32F4xx_HAL_Driver/Src/stm32f4xx_hal_dma.o
LOAD ./Drivers/STM32F4xx_HAL_Driver/Src/stm32f4xx_hal_dma_ex.o
LOAD ./Drivers/STM32F4xx_HAL_Driver/Src/stm32f4xx_hal_exti.o
LOAD ./Drivers/STM32F4xx_HAL_Driver/Src/stm32f4xx_hal_flash.o
LOAD ./Drivers/STM32F4xx_HAL_Driver/Src/stm32f4xx_hal_flash_ex.o
LOAD ./Drivers/STM32F4xx_HAL_Driver/Src/stm32f4xx_hal_flash_ramfunc.o
LOAD ./Drivers/STM32F4xx_HAL_Driver/Src/stm32f4xx_hal_gpio.o
LOAD ./Drivers/STM32F4xx_HAL_Driver/Src/stm32f4xx_hal_pwr.o
LOAD ./Drivers/STM32F4xx_HAL_Driver/Src/stm32f4xx_hal_pwr_ex.o
LOAD ./Drivers/STM32F4xx_HAL_Driver/Src/stm32f4xx_hal_rcc.o
LOAD ./Drivers/STM32F4xx_HAL_Driver/Src/stm32f4xx_hal_rcc_ex.o
LOAD ./Drivers/STM32F4xx_HAL_Driver/Src/stm32f4xx_hal_tim.o
LOAD ./Drivers/STM32F4xx_HAL_Driver/Src/stm32f4xx_hal_tim_ex.o
LOAD ./Drivers/STM32F4xx_HAL_Driver/Src/stm32f4xx_hal_uart.o
START GROUP
LOAD c:/st/stm32cubeide_1.9.0/stm32cubeide/plugins/com.st.stm32cube.ide.mcu.externaltools.gnu-tools-for-stm32.10.3-2021.10.win32_1.0.0.202111181127/tools/bin/../lib/gcc/arm-none-eabi/10.3.1/../../../../arm-none-eabi/lib/thumb/v7e-m+fp/hard\libc_nano.a
LOAD c:/st/stm32cubeide_1.9.0/stm32cubeide/plugins/com.st.stm32cube.ide.mcu.externaltools.gnu-tools-for-stm32.10.3-2021.10.win32_1.0.0.202111181127/tools/bin/../lib/gcc/arm-none-eabi/10.3.1/../../../../arm-none-eabi/lib/thumb/v7e-m+fp/hard\libm.a
END GROUP
START GROUP
LOAD c:/st/stm32cubeide_1.9.0/stm32cubeide/plugins/com.st.stm32cube.ide.mcu.externaltools.gnu-tools-for-stm32.10.3-2021.10.win32_1.0.0.202111181127/tools/bin/../lib/gcc/arm-none-eabi/10.3.1/thumb/v7e-m+fp/hard\libgcc.a
LOAD c:/st/stm32cubeide_1.9.0/stm32cubeide/plugins/com.st.stm32cube.ide.mcu.externaltools.gnu-tools-for-stm32.10.3-2021.10.win32_1.0.0.202111181127/tools/bin/../lib/gcc/arm-none-eabi/10.3.1/../../../../arm-none-eabi/lib/thumb/v7e-m+fp/hard\libc_nano.a
END GROUP
START GROUP
LOAD c:/st/stm32cubeide_1.9.0/stm32cubeide/plugins/com.st.stm32cube.ide.mcu.externaltools.gnu-tools-for-stm32.10.3-2021.10.win32_1.0.0.202111181127/tools/bin/../lib/gcc/arm-none-eabi/10.3.1/thumb/v7e-m+fp/hard\libgcc.a
LOAD c:/st/stm32cubeide_1.9.0/stm32cubeide/plugins/com.st.stm32cube.ide.mcu.externaltools.gnu-tools-for-stm32.10.3-2021.10.win32_1.0.0.202111181127/tools/bin/../lib/gcc/arm-none-eabi/10.3.1/../../../../arm-none-eabi/lib/thumb/v7e-m+fp/hard\libc_nano.a
LOAD c:/st/stm32cubeide_1.9.0/stm32cubeide/plugins/com.st.stm32cube.ide.mcu.externaltools.gnu-tools-for-stm32.10.3-2021.10.win32_1.0.0.202111181127/tools/bin/../lib/gcc/arm-none-eabi/10.3.1/../../../../arm-none-eabi/lib/thumb/v7e-m+fp/hard\libnosys.a
END GROUP
START GROUP
LOAD c:/st/stm32cubeide_1.9.0/stm32cubeide/plugins/com.st.stm32cube.ide.mcu.externaltools.gnu-tools-for-stm32.10.3-2021.10.win32_1.0.0.202111181127/tools/bin/../lib/gcc/arm-none-eabi/10.3.1/thumb/v7e-m+fp/hard\libgcc.a
LOAD c:/st/stm32cubeide_1.9.0/stm32cubeide/plugins/com.st.stm32cube.ide.mcu.externaltools.gnu-tools-for-stm32.10.3-2021.10.win32_1.0.0.202111181127/tools/bin/../lib/gcc/arm-none-eabi/10.3.1/../../../../arm-none-eabi/lib/thumb/v7e-m+fp/hard\libc_nano.a
LOAD c:/st/stm32cubeide_1.9.0/stm32cubeide/plugins/com.st.stm32cube.ide.mcu.externaltools.gnu-tools-for-stm32.10.3-2021.10.win32_1.0.0.202111181127/tools/bin/../lib/gcc/arm-none-eabi/10.3.1/../../../../arm-none-eabi/lib/thumb/v7e-m+fp/hard\libnosys.a
END GROUP
LOAD c:/st/stm32cubeide_1.9.0/stm32cubeide/plugins/com.st.stm32cube.ide.mcu.externaltools.gnu-tools-for-stm32.10.3-2021.10.win32_1.0.0.202111181127/tools/bin/../lib/gcc/arm-none-eabi/10.3.1/thumb/v7e-m+fp/hard/crtend.o
LOAD c:/st/stm32cubeide_1.9.0/stm32cubeide/plugins/com.st.stm32cube.ide.mcu.externaltools.gnu-tools-for-stm32.10.3-2021.10.win32_1.0.0.202111181127/tools/bin/../lib/gcc/arm-none-eabi/10.3.1/thumb/v7e-m+fp/hard/crtn.o
                0x0000000020020000                _estack = (ORIGIN (RAM) + LENGTH (RAM))
                0x0000000000000200                _Min_Heap_Size = 0x200
                0x0000000000000400                _Min_Stack_Size = 0x400

.isr_vector     0x0000000008000000      0x188
                0x0000000008000000                . = ALIGN (0x4)
 *(.isr_vector)
 .isr_vector    0x0000000008000000      0x188 ./Core/Startup/startup_stm32f407vgtx.o
                0x0000000008000000                g_pfnVectors
                0x0000000008000188                . = ALIGN (0x4)

.text           0x0000000008000188     0x5504
                0x0000000008000188                . = ALIGN (0x4)
 *(.text)
 .text          0x0000000008000188       0x40 c:/st/stm32cubeide_1.9.0/stm32cubeide/plugins/com.st.stm32cube.ide.mcu.externaltools.gnu-tools-for-stm32.10.3-2021.10.win32_1.0.0.202111181127/tools/bin/../lib/gcc/arm-none-eabi/10.3.1/thumb/v7e-m+fp/hard/crtbegin.o
 .text          0x00000000080001c8      0x378 c:/st/stm32cubeide_1.9.0/stm32cubeide/plugins/com.st.stm32cube.ide.mcu.externaltools.gnu-tools-for-stm32.10.3-2021.10.win32_1.0.0.202111181127/tools/bin/../lib/gcc/arm-none-eabi/10.3.1/thumb/v7e-m+fp/hard\libgcc.a(_arm_addsubdf3.o)
                0x00000000080001c8                __aeabi_drsub
                0x00000000080001d0                __aeabi_dsub
                0x00000000080001d0                __subdf3
                0x00000000080001d4                __aeabi_dadd
                0x00000000080001d4                __adddf3
                0x000000000800044c                __floatunsidf
                0x000000000800044c                __aeabi_ui2d
                0x000000000800046c                __floatsidf
                0x000000000800046c                __aeabi_i2d
                0x0000000008000490                __aeabi_f2d
                0x0000000008000490                __extendsfdf2
                0x00000000080004d4                __floatundidf
                0x00000000080004d4                __aeabi_ul2d
                0x00000000080004e4                __floatdidf
                0x00000000080004e4                __aeabi_l2d
 .text          0x0000000008000540      0x424 c:/st/stm32cubeide_1.9.0/stm32cubeide/plugins/com.st.stm32cube.ide.mcu.externaltools.gnu-tools-for-stm32.10.3-2021.10.win32_1.0.0.202111181127/tools/bin/../lib/gcc/arm-none-eabi/10.3.1/thumb/v7e-m+fp/hard\libgcc.a(_arm_muldivdf3.o)
                0x0000000008000540                __aeabi_dmul
                0x0000000008000540                __muldf3
                0x0000000008000794                __divdf3
                0x0000000008000794                __aeabi_ddiv
 .text          0x0000000008000964      0x110 c:/st/stm32cubeide_1.9.0/stm32cubeide/plugins/com.st.stm32cube.ide.mcu.externaltools.gnu-tools-for-stm32.10.3-2021.10.win32_1.0.0.202111181127/tools/bin/../lib/gcc/arm-none-eabi/10.3.1/thumb/v7e-m+fp/hard\libgcc.a(_arm_cmpdf2.o)
                0x0000000008000964                __gtdf2
                0x0000000008000964                __gedf2
                0x000000000800096c                __ltdf2
                0x000000000800096c                __ledf2
                0x0000000008000974                __nedf2
                0x0000000008000974                __eqdf2
                0x0000000008000974                __cmpdf2
                0x00000000080009f0                __aeabi_cdrcmple
                0x0000000008000a00                __aeabi_cdcmpeq
                0x0000000008000a00                __aeabi_cdcmple
                0x0000000008000a10                __aeabi_dcmpeq
                0x0000000008000a24                __aeabi_dcmplt
                0x0000000008000a38                __aeabi_dcmple
                0x0000000008000a4c                __aeabi_dcmpge
                0x0000000008000a60                __aeabi_dcmpgt
 .text          0x0000000008000a74       0x40 c:/st/stm32cubeide_1.9.0/stm32cubeide/plugins/com.st.stm32cube.ide.mcu.externaltools.gnu-tools-for-stm32.10.3-2021.10.win32_1.0.0.202111181127/tools/bin/../lib/gcc/arm-none-eabi/10.3.1/thumb/v7e-m+fp/hard\libgcc.a(_arm_fixunsdfsi.o)
                0x0000000008000a74                __aeabi_d2uiz
                0x0000000008000a74                __fixunsdfsi
 .text          0x0000000008000ab4       0x30 c:/st/stm32cubeide_1.9.0/stm32cubeide/plugins/com.st.stm32cube.ide.mcu.externaltools.gnu-tools-for-stm32.10.3-2021.10.win32_1.0.0.202111181127/tools/bin/../lib/gcc/arm-none-eabi/10.3.1/thumb/v7e-m+fp/hard\libgcc.a(_aeabi_uldivmod.o)
                0x0000000008000ab4                __aeabi_uldivmod
 .text          0x0000000008000ae4      0x2d0 c:/st/stm32cubeide_1.9.0/stm32cubeide/plugins/com.st.stm32cube.ide.mcu.externaltools.gnu-tools-for-stm32.10.3-2021.10.win32_1.0.0.202111181127/tools/bin/../lib/gcc/arm-none-eabi/10.3.1/thumb/v7e-m+fp/hard\libgcc.a(_udivmoddi4.o)
                0x0000000008000ae4                __udivmoddi4
 .text          0x0000000008000db4        0x4 c:/st/stm32cubeide_1.9.0/stm32cubeide/plugins/com.st.stm32cube.ide.mcu.externaltools.gnu-tools-for-stm32.10.3-2021.10.win32_1.0.0.202111181127/tools/bin/../lib/gcc/arm-none-eabi/10.3.1/thumb/v7e-m+fp/hard\libgcc.a(_dvmd_tls.o)
                0x0000000008000db4                __aeabi_idiv0
                0x0000000008000db4                __aeabi_ldiv0
 *(.text*)
 .text.avance   0x0000000008000db8       0x20 ./Core/Src/main.o
                0x0000000008000db8                avance
 .text.stop     0x0000000008000dd8       0x20 ./Core/Src/main.o
                0x0000000008000dd8                stop
 .text.trun_Right
                0x0000000008000df8       0x20 ./Core/Src/main.o
                0x0000000008000df8                trun_Right
 .text.HAL_TIM_IC_CaptureCallback
                0x0000000008000e18       0xa8 ./Core/Src/main.o
                0x0000000008000e18                HAL_TIM_IC_CaptureCallback
 .text.HAL_TIM_PeriodElapsedCallback
                0x0000000008000ec0      0x140 ./Core/Src/main.o
                0x0000000008000ec0                HAL_TIM_PeriodElapsedCallback
 .text.asservissement_vitesse_moteur_right
                0x0000000008001000      0x1a4 ./Core/Src/main.o
                0x0000000008001000                asservissement_vitesse_moteur_right
 .text.asservissement_vitesse_moteur_left
                0x00000000080011a4      0x194 ./Core/Src/main.o
                0x00000000080011a4                asservissement_vitesse_moteur_left
 .text.initialisation
                0x0000000008001338      0x130 ./Core/Src/main.o
                0x0000000008001338                initialisation
 .text.clignoter_led
                0x0000000008001468       0x4c ./Core/Src/main.o
                0x0000000008001468                clignoter_led
 .text.stop_beb
                0x00000000080014b4       0x58 ./Core/Src/main.o
                0x00000000080014b4                stop_beb
 .text.main     0x000000000800150c      0x150 ./Core/Src/main.o
                0x000000000800150c                main
 .text.SystemClock_Config
                0x000000000800165c       0xbc ./Core/Src/main.o
                0x000000000800165c                SystemClock_Config
 .text.MX_TIM1_Init
                0x0000000008001718      0x158 ./Core/Src/main.o
 .text.MX_TIM2_Init
                0x0000000008001870      0x114 ./Core/Src/main.o
 .text.MX_TIM3_Init
                0x0000000008001984      0x104 ./Core/Src/main.o
 .text.MX_TIM4_Init
                0x0000000008001a88       0xe0 ./Core/Src/main.o
 .text.MX_TIM5_Init
                0x0000000008001b68      0x118 ./Core/Src/main.o
 .text.MX_TIM6_Init
                0x0000000008001c80       0x6c ./Core/Src/main.o
 .text.MX_TIM8_Init
                0x0000000008001cec       0xa0 ./Core/Src/main.o
 .text.MX_USART2_UART_Init
                0x0000000008001d8c       0x54 ./Core/Src/main.o
 .text.MX_GPIO_Init
                0x0000000008001de0       0xe4 ./Core/Src/main.o
 .text.calcul   0x0000000008001ec4       0xe4 ./Core/Src/main.o
                0x0000000008001ec4                calcul
 .text.usDelay  0x0000000008001fa8       0x64 ./Core/Src/main.o
                0x0000000008001fa8                usDelay
 .text.Error_Handler
                0x000000000800200c        0xa ./Core/Src/main.o
                0x000000000800200c                Error_Handler
 *fill*         0x0000000008002016        0x2 
 .text.HAL_MspInit
                0x0000000008002018       0x50 ./Core/Src/stm32f4xx_hal_msp.o
                0x0000000008002018                HAL_MspInit
 .text.HAL_TIM_Base_MspInit
                0x0000000008002068      0x250 ./Core/Src/stm32f4xx_hal_msp.o
                0x0000000008002068                HAL_TIM_Base_MspInit
 .text.HAL_TIM_MspPostInit
                0x00000000080022b8       0xc4 ./Core/Src/stm32f4xx_hal_msp.o
                0x00000000080022b8                HAL_TIM_MspPostInit
 .text.HAL_UART_MspInit
                0x000000000800237c       0x90 ./Core/Src/stm32f4xx_hal_msp.o
                0x000000000800237c                HAL_UART_MspInit
 .text.NMI_Handler
                0x000000000800240c        0x6 ./Core/Src/stm32f4xx_it.o
                0x000000000800240c                NMI_Handler
 .text.HardFault_Handler
                0x0000000008002412        0x6 ./Core/Src/stm32f4xx_it.o
                0x0000000008002412                HardFault_Handler
 .text.MemManage_Handler
                0x0000000008002418        0x6 ./Core/Src/stm32f4xx_it.o
                0x0000000008002418                MemManage_Handler
 .text.BusFault_Handler
                0x000000000800241e        0x6 ./Core/Src/stm32f4xx_it.o
                0x000000000800241e                BusFault_Handler
 .text.UsageFault_Handler
                0x0000000008002424        0x6 ./Core/Src/stm32f4xx_it.o
                0x0000000008002424                UsageFault_Handler
 .text.SVC_Handler
                0x000000000800242a        0xe ./Core/Src/stm32f4xx_it.o
                0x000000000800242a                SVC_Handler
 .text.DebugMon_Handler
                0x0000000008002438        0xe ./Core/Src/stm32f4xx_it.o
                0x0000000008002438                DebugMon_Handler
 .text.PendSV_Handler
                0x0000000008002446        0xe ./Core/Src/stm32f4xx_it.o
                0x0000000008002446                PendSV_Handler
 .text.SysTick_Handler
                0x0000000008002454        0xc ./Core/Src/stm32f4xx_it.o
                0x0000000008002454                SysTick_Handler
 .text.TIM2_IRQHandler
                0x0000000008002460       0x14 ./Core/Src/stm32f4xx_it.o
                0x0000000008002460                TIM2_IRQHandler
 .text.TIM4_IRQHandler
                0x0000000008002474       0x14 ./Core/Src/stm32f4xx_it.o
                0x0000000008002474                TIM4_IRQHandler
 .text.TIM5_IRQHandler
                0x0000000008002488       0x14 ./Core/Src/stm32f4xx_it.o
                0x0000000008002488                TIM5_IRQHandler
 .text.TIM6_DAC_IRQHandler
                0x000000000800249c       0x14 ./Core/Src/stm32f4xx_it.o
                0x000000000800249c                TIM6_DAC_IRQHandler
 .text.SystemInit
                0x00000000080024b0       0x24 ./Core/Src/system_stm32f4xx.o
                0x00000000080024b0                SystemInit
 .text.Reset_Handler
                0x00000000080024d4       0x50 ./Core/Startup/startup_stm32f407vgtx.o
                0x00000000080024d4                Reset_Handler
 .text.Default_Handler
                0x0000000008002524        0x2 ./Core/Startup/startup_stm32f407vgtx.o
                0x0000000008002524                RTC_Alarm_IRQHandler
                0x0000000008002524                HASH_RNG_IRQHandler
                0x0000000008002524                EXTI2_IRQHandler
                0x0000000008002524                TIM8_CC_IRQHandler
                0x0000000008002524                TIM1_CC_IRQHandler
                0x0000000008002524                DMA2_Stream5_IRQHandler
                0x0000000008002524                DMA1_Stream5_IRQHandler
                0x0000000008002524                PVD_IRQHandler
                0x0000000008002524                SDIO_IRQHandler
                0x0000000008002524                TAMP_STAMP_IRQHandler
                0x0000000008002524                CAN2_RX1_IRQHandler
                0x0000000008002524                EXTI3_IRQHandler
                0x0000000008002524                TIM8_TRG_COM_TIM14_IRQHandler
                0x0000000008002524                TIM1_UP_TIM10_IRQHandler
                0x0000000008002524                TIM8_UP_TIM13_IRQHandler
                0x0000000008002524                I2C3_ER_IRQHandler
                0x0000000008002524                EXTI0_IRQHandler
                0x0000000008002524                I2C2_EV_IRQHandler
                0x0000000008002524                DMA1_Stream2_IRQHandler
                0x0000000008002524                CAN1_RX0_IRQHandler
                0x0000000008002524                FPU_IRQHandler
                0x0000000008002524                OTG_HS_WKUP_IRQHandler
                0x0000000008002524                CAN2_SCE_IRQHandler
                0x0000000008002524                DMA2_Stream2_IRQHandler
                0x0000000008002524                SPI1_IRQHandler
                0x0000000008002524                TIM1_BRK_TIM9_IRQHandler
                0x0000000008002524                DCMI_IRQHandler
                0x0000000008002524                CAN2_RX0_IRQHandler
                0x0000000008002524                DMA2_Stream3_IRQHandler
                0x0000000008002524                USART6_IRQHandler
                0x0000000008002524                USART3_IRQHandler
                0x0000000008002524                CAN1_RX1_IRQHandler
                0x0000000008002524                UART5_IRQHandler
                0x0000000008002524                DMA2_Stream0_IRQHandler
                0x0000000008002524                I2C1_EV_IRQHandler
                0x0000000008002524                DMA1_Stream6_IRQHandler
                0x0000000008002524                DMA1_Stream1_IRQHandler
                0x0000000008002524                UART4_IRQHandler
                0x0000000008002524                TIM3_IRQHandler
                0x0000000008002524                RCC_IRQHandler
                0x0000000008002524                TIM8_BRK_TIM12_IRQHandler
                0x0000000008002524                Default_Handler
                0x0000000008002524                EXTI15_10_IRQHandler
                0x0000000008002524                ADC_IRQHandler
                0x0000000008002524                DMA1_Stream7_IRQHandler
                0x0000000008002524                TIM7_IRQHandler
                0x0000000008002524                CAN2_TX_IRQHandler
                0x0000000008002524                DMA2_Stream7_IRQHandler
                0x0000000008002524                I2C3_EV_IRQHandler
                0x0000000008002524                EXTI9_5_IRQHandler
                0x0000000008002524                RTC_WKUP_IRQHandler
                0x0000000008002524                ETH_WKUP_IRQHandler
                0x0000000008002524                SPI2_IRQHandler
                0x0000000008002524                OTG_HS_EP1_IN_IRQHandler
                0x0000000008002524                DMA1_Stream0_IRQHandler
                0x0000000008002524                CAN1_TX_IRQHandler
                0x0000000008002524                EXTI4_IRQHandler
                0x0000000008002524                FSMC_IRQHandler
                0x0000000008002524                ETH_IRQHandler
                0x0000000008002524                OTG_HS_EP1_OUT_IRQHandler
                0x0000000008002524                WWDG_IRQHandler
                0x0000000008002524                OTG_FS_WKUP_IRQHandler
                0x0000000008002524                TIM1_TRG_COM_TIM11_IRQHandler
                0x0000000008002524                OTG_HS_IRQHandler
                0x0000000008002524                EXTI1_IRQHandler
                0x0000000008002524                USART2_IRQHandler
                0x0000000008002524                I2C2_ER_IRQHandler
                0x0000000008002524                DMA2_Stream1_IRQHandler
                0x0000000008002524                CAN1_SCE_IRQHandler
                0x0000000008002524                FLASH_IRQHandler
                0x0000000008002524                DMA2_Stream4_IRQHandler
                0x0000000008002524                USART1_IRQHandler
                0x0000000008002524                OTG_FS_IRQHandler
                0x0000000008002524                SPI3_IRQHandler
                0x0000000008002524                DMA1_Stream4_IRQHandler
                0x0000000008002524                I2C1_ER_IRQHandler
                0x0000000008002524                DMA2_Stream6_IRQHandler
                0x0000000008002524                DMA1_Stream3_IRQHandler
 *fill*         0x0000000008002526        0x2 
 .text.HAL_Init
                0x0000000008002528       0x44 ./Drivers/STM32F4xx_HAL_Driver/Src/stm32f4xx_hal.o
                0x0000000008002528                HAL_Init
 .text.HAL_InitTick
                0x000000000800256c       0x60 ./Drivers/STM32F4xx_HAL_Driver/Src/stm32f4xx_hal.o
                0x000000000800256c                HAL_InitTick
 .text.HAL_IncTick
                0x00000000080025cc       0x28 ./Drivers/STM32F4xx_HAL_Driver/Src/stm32f4xx_hal.o
                0x00000000080025cc                HAL_IncTick
 .text.HAL_GetTick
                0x00000000080025f4       0x18 ./Drivers/STM32F4xx_HAL_Driver/Src/stm32f4xx_hal.o
                0x00000000080025f4                HAL_GetTick
 .text.HAL_Delay
                0x000000000800260c       0x48 ./Drivers/STM32F4xx_HAL_Driver/Src/stm32f4xx_hal.o
                0x000000000800260c                HAL_Delay
 .text.__NVIC_SetPriorityGrouping
                0x0000000008002654       0x48 ./Drivers/STM32F4xx_HAL_Driver/Src/stm32f4xx_hal_cortex.o
 .text.__NVIC_GetPriorityGrouping
                0x000000000800269c       0x1c ./Drivers/STM32F4xx_HAL_Driver/Src/stm32f4xx_hal_cortex.o
 .text.__NVIC_EnableIRQ
                0x00000000080026b8       0x3c ./Drivers/STM32F4xx_HAL_Driver/Src/stm32f4xx_hal_cortex.o
 .text.__NVIC_SetPriority
                0x00000000080026f4       0x54 ./Drivers/STM32F4xx_HAL_Driver/Src/stm32f4xx_hal_cortex.o
 .text.NVIC_EncodePriority
                0x0000000008002748       0x66 ./Drivers/STM32F4xx_HAL_Driver/Src/stm32f4xx_hal_cortex.o
 *fill*         0x00000000080027ae        0x2 
 .text.SysTick_Config
                0x00000000080027b0       0x44 ./Drivers/STM32F4xx_HAL_Driver/Src/stm32f4xx_hal_cortex.o
 .text.HAL_NVIC_SetPriorityGrouping
                0x00000000080027f4       0x16 ./Drivers/STM32F4xx_HAL_Driver/Src/stm32f4xx_hal_cortex.o
                0x00000000080027f4                HAL_NVIC_SetPriorityGrouping
 .text.HAL_NVIC_SetPriority
                0x000000000800280a       0x38 ./Drivers/STM32F4xx_HAL_Driver/Src/stm32f4xx_hal_cortex.o
                0x000000000800280a                HAL_NVIC_SetPriority
 .text.HAL_NVIC_EnableIRQ
                0x0000000008002842       0x1c ./Drivers/STM32F4xx_HAL_Driver/Src/stm32f4xx_hal_cortex.o
                0x0000000008002842                HAL_NVIC_EnableIRQ
 .text.HAL_SYSTICK_Config
                0x000000000800285e       0x18 ./Drivers/STM32F4xx_HAL_Driver/Src/stm32f4xx_hal_cortex.o
                0x000000000800285e                HAL_SYSTICK_Config
 *fill*         0x0000000008002876        0x2 
 .text.HAL_GPIO_Init
                0x0000000008002878      0x338 ./Drivers/STM32F4xx_HAL_Driver/Src/stm32f4xx_hal_gpio.o
                0x0000000008002878                HAL_GPIO_Init
 .text.HAL_GPIO_WritePin
                0x0000000008002bb0       0x32 ./Drivers/STM32F4xx_HAL_Driver/Src/stm32f4xx_hal_gpio.o
                0x0000000008002bb0                HAL_GPIO_WritePin
 *fill*         0x0000000008002be2        0x2 
 .text.HAL_RCC_OscConfig
                0x0000000008002be4      0x4f0 ./Drivers/STM32F4xx_HAL_Driver/Src/stm32f4xx_hal_rcc.o
                0x0000000008002be4                HAL_RCC_OscConfig
 .text.HAL_RCC_ClockConfig
                0x00000000080030d4      0x1cc ./Drivers/STM32F4xx_HAL_Driver/Src/stm32f4xx_hal_rcc.o
                0x00000000080030d4                HAL_RCC_ClockConfig
 .text.HAL_RCC_GetSysClockFreq
                0x00000000080032a0      0x18c ./Drivers/STM32F4xx_HAL_Driver/Src/stm32f4xx_hal_rcc.o
                0x00000000080032a0                HAL_RCC_GetSysClockFreq
 .text.HAL_RCC_GetHCLKFreq
                0x000000000800342c       0x18 ./Drivers/STM32F4xx_HAL_Driver/Src/stm32f4xx_hal_rcc.o
                0x000000000800342c                HAL_RCC_GetHCLKFreq
 .text.HAL_RCC_GetPCLK1Freq
                0x0000000008003444       0x28 ./Drivers/STM32F4xx_HAL_Driver/Src/stm32f4xx_hal_rcc.o
                0x0000000008003444                HAL_RCC_GetPCLK1Freq
 .text.HAL_RCC_GetPCLK2Freq
                0x000000000800346c       0x28 ./Drivers/STM32F4xx_HAL_Driver/Src/stm32f4xx_hal_rcc.o
                0x000000000800346c                HAL_RCC_GetPCLK2Freq
 .text.HAL_TIM_Base_Init
                0x0000000008003494       0x9e ./Drivers/STM32F4xx_HAL_Driver/Src/stm32f4xx_hal_tim.o
                0x0000000008003494                HAL_TIM_Base_Init
 *fill*         0x0000000008003532        0x2 
 .text.HAL_TIM_Base_Start_IT
                0x0000000008003534       0xe0 ./Drivers/STM32F4xx_HAL_Driver/Src/stm32f4xx_hal_tim.o
                0x0000000008003534                HAL_TIM_Base_Start_IT
 .text.HAL_TIM_PWM_Init
                0x0000000008003614       0x9e ./Drivers/STM32F4xx_HAL_Driver/Src/stm32f4xx_hal_tim.o
                0x0000000008003614                HAL_TIM_PWM_Init
 .text.HAL_TIM_PWM_MspInit
                0x00000000080036b2       0x14 ./Drivers/STM32F4xx_HAL_Driver/Src/stm32f4xx_hal_tim.o
                0x00000000080036b2                HAL_TIM_PWM_MspInit
 *fill*         0x00000000080036c6        0x2 
 .text.HAL_TIM_PWM_Start
                0x00000000080036c8      0x190 ./Drivers/STM32F4xx_HAL_Driver/Src/stm32f4xx_hal_tim.o
                0x00000000080036c8                HAL_TIM_PWM_Start
 .text.HAL_TIM_PWM_Stop
                0x0000000008003858       0xe0 ./Drivers/STM32F4xx_HAL_Driver/Src/stm32f4xx_hal_tim.o
                0x0000000008003858                HAL_TIM_PWM_Stop
 .text.HAL_TIM_IC_Init
                0x0000000008003938       0x9e ./Drivers/STM32F4xx_HAL_Driver/Src/stm32f4xx_hal_tim.o
                0x0000000008003938                HAL_TIM_IC_Init
 .text.HAL_TIM_IC_MspInit
                0x00000000080039d6       0x14 ./Drivers/STM32F4xx_HAL_Driver/Src/stm32f4xx_hal_tim.o
                0x00000000080039d6                HAL_TIM_IC_MspInit
 *fill*         0x00000000080039ea        0x2 
 .text.HAL_TIM_IC_Start_IT
                0x00000000080039ec      0x250 ./Drivers/STM32F4xx_HAL_Driver/Src/stm32f4xx_hal_tim.o
                0x00000000080039ec                HAL_TIM_IC_Start_IT
 .text.HAL_TIM_IC_Stop_IT
                0x0000000008003c3c      0x15c ./Drivers/STM32F4xx_HAL_Driver/Src/stm32f4xx_hal_tim.o
                0x0000000008003c3c                HAL_TIM_IC_Stop_IT
 .text.HAL_TIM_IRQHandler
                0x0000000008003d98      0x210 ./Drivers/STM32F4xx_HAL_Driver/Src/stm32f4xx_hal_tim.o
                0x0000000008003d98                HAL_TIM_IRQHandler
 .text.HAL_TIM_IC_ConfigChannel
                0x0000000008003fa8      0x138 ./Drivers/STM32F4xx_HAL_Driver/Src/stm32f4xx_hal_tim.o
                0x0000000008003fa8                HAL_TIM_IC_ConfigChannel
 .text.HAL_TIM_PWM_ConfigChannel
                0x00000000080040e0      0x184 ./Drivers/STM32F4xx_HAL_Driver/Src/stm32f4xx_hal_tim.o
                0x00000000080040e0                HAL_TIM_PWM_ConfigChannel
 .text.HAL_TIM_ConfigClockSource
                0x0000000008004264      0x18e ./Drivers/STM32F4xx_HAL_Driver/Src/stm32f4xx_hal_tim.o
                0x0000000008004264                HAL_TIM_ConfigClockSource
 .text.HAL_TIM_SlaveConfigSynchro
                0x00000000080043f2       0x84 ./Drivers/STM32F4xx_HAL_Driver/Src/stm32f4xx_hal_tim.o
                0x00000000080043f2                HAL_TIM_SlaveConfigSynchro
 *fill*         0x0000000008004476        0x2 
 .text.HAL_TIM_ReadCapturedValue
                0x0000000008004478       0x88 ./Drivers/STM32F4xx_HAL_Driver/Src/stm32f4xx_hal_tim.o
                0x0000000008004478                HAL_TIM_ReadCapturedValue
 .text.HAL_TIM_OC_DelayElapsedCallback
                0x0000000008004500       0x14 ./Drivers/STM32F4xx_HAL_Driver/Src/stm32f4xx_hal_tim.o
                0x0000000008004500                HAL_TIM_OC_DelayElapsedCallback
 .text.HAL_TIM_PWM_PulseFinishedCallback
                0x0000000008004514       0x14 ./Drivers/STM32F4xx_HAL_Driver/Src/stm32f4xx_hal_tim.o
                0x0000000008004514                HAL_TIM_PWM_PulseFinishedCallback
 .text.HAL_TIM_TriggerCallback
                0x0000000008004528       0x14 ./Drivers/STM32F4xx_HAL_Driver/Src/stm32f4xx_hal_tim.o
                0x0000000008004528                HAL_TIM_TriggerCallback
 .text.TIM_Base_SetConfig
                0x000000000800453c      0x140 ./Drivers/STM32F4xx_HAL_Driver/Src/stm32f4xx_hal_tim.o
                0x000000000800453c                TIM_Base_SetConfig
 .text.TIM_OC1_SetConfig
                0x000000000800467c       0xe0 ./Drivers/STM32F4xx_HAL_Driver/Src/stm32f4xx_hal_tim.o
 .text.TIM_OC2_SetConfig
                0x000000000800475c       0xec ./Drivers/STM32F4xx_HAL_Driver/Src/stm32f4xx_hal_tim.o
                0x000000000800475c                TIM_OC2_SetConfig
 .text.TIM_OC3_SetConfig
                0x0000000008004848       0xe8 ./Drivers/STM32F4xx_HAL_Driver/Src/stm32f4xx_hal_tim.o
 .text.TIM_OC4_SetConfig
                0x0000000008004930       0xac ./Drivers/STM32F4xx_HAL_Driver/Src/stm32f4xx_hal_tim.o
 .text.TIM_SlaveTimer_SetConfig
                0x00000000080049dc      0x122 ./Drivers/STM32F4xx_HAL_Driver/Src/stm32f4xx_hal_tim.o
 *fill*         0x0000000008004afe        0x2 
 .text.TIM_TI1_SetConfig
                0x0000000008004b00       0xe8 ./Drivers/STM32F4xx_HAL_Driver/Src/stm32f4xx_hal_tim.o
                0x0000000008004b00                TIM_TI1_SetConfig
 .text.TIM_TI1_ConfigInputStage
                0x0000000008004be8       0x5e ./Drivers/STM32F4xx_HAL_Driver/Src/stm32f4xx_hal_tim.o
 .text.TIM_TI2_SetConfig
                0x0000000008004c46       0x7a ./Drivers/STM32F4xx_HAL_Driver/Src/stm32f4xx_hal_tim.o
 .text.TIM_TI2_ConfigInputStage
                0x0000000008004cc0       0x60 ./Drivers/STM32F4xx_HAL_Driver/Src/stm32f4xx_hal_tim.o
 .text.TIM_TI3_SetConfig
                0x0000000008004d20       0x78 ./Drivers/STM32F4xx_HAL_Driver/Src/stm32f4xx_hal_tim.o
 .text.TIM_TI4_SetConfig
                0x0000000008004d98       0x7a ./Drivers/STM32F4xx_HAL_Driver/Src/stm32f4xx_hal_tim.o
 .text.TIM_ITRx_SetConfig
                0x0000000008004e12       0x36 ./Drivers/STM32F4xx_HAL_Driver/Src/stm32f4xx_hal_tim.o
 .text.TIM_ETR_SetConfig
                0x0000000008004e48       0x40 ./Drivers/STM32F4xx_HAL_Driver/Src/stm32f4xx_hal_tim.o
                0x0000000008004e48                TIM_ETR_SetConfig
 .text.TIM_CCxChannelCmd
                0x0000000008004e88       0x4a ./Drivers/STM32F4xx_HAL_Driver/Src/stm32f4xx_hal_tim.o
                0x0000000008004e88                TIM_CCxChannelCmd
 *fill*         0x0000000008004ed2        0x2 
 .text.HAL_TIMEx_MasterConfigSynchronization
                0x0000000008004ed4       0xf8 ./Drivers/STM32F4xx_HAL_Driver/Src/stm32f4xx_hal_tim_ex.o
                0x0000000008004ed4                HAL_TIMEx_MasterConfigSynchronization
 .text.HAL_TIMEx_ConfigBreakDeadTime
                0x0000000008004fcc       0xa4 ./Drivers/STM32F4xx_HAL_Driver/Src/stm32f4xx_hal_tim_ex.o
                0x0000000008004fcc                HAL_TIMEx_ConfigBreakDeadTime
 .text.HAL_TIMEx_CommutCallback
                0x0000000008005070       0x14 ./Drivers/STM32F4xx_HAL_Driver/Src/stm32f4xx_hal_tim_ex.o
                0x0000000008005070                HAL_TIMEx_CommutCallback
 .text.HAL_TIMEx_BreakCallback
                0x0000000008005084       0x14 ./Drivers/STM32F4xx_HAL_Driver/Src/stm32f4xx_hal_tim_ex.o
                0x0000000008005084                HAL_TIMEx_BreakCallback
 .text.HAL_UART_Init
                0x0000000008005098       0x9a ./Drivers/STM32F4xx_HAL_Driver/Src/stm32f4xx_hal_uart.o
                0x0000000008005098                HAL_UART_Init
 *fill*         0x0000000008005132        0x2 
 .text.UART_SetConfig
                0x0000000008005134      0x4e8 ./Drivers/STM32F4xx_HAL_Driver/Src/stm32f4xx_hal_uart.o
 .text.__libc_init_array
                0x000000000800561c       0x48 c:/st/stm32cubeide_1.9.0/stm32cubeide/plugins/com.st.stm32cube.ide.mcu.externaltools.gnu-tools-for-stm32.10.3-2021.10.win32_1.0.0.202111181127/tools/bin/../lib/gcc/arm-none-eabi/10.3.1/../../../../arm-none-eabi/lib/thumb/v7e-m+fp/hard\libc_nano.a(lib_a-init.o)
                0x000000000800561c                __libc_init_array
 .text.memset   0x0000000008005664       0x10 c:/st/stm32cubeide_1.9.0/stm32cubeide/plugins/com.st.stm32cube.ide.mcu.externaltools.gnu-tools-for-stm32.10.3-2021.10.win32_1.0.0.202111181127/tools/bin/../lib/gcc/arm-none-eabi/10.3.1/../../../../arm-none-eabi/lib/thumb/v7e-m+fp/hard\libc_nano.a(lib_a-memset.o)
                0x0000000008005664                memset
 *(.glue_7)
 .glue_7        0x0000000008005674        0x0 linker stubs
 *(.glue_7t)
 .glue_7t       0x0000000008005674        0x0 linker stubs
 *(.eh_frame)
 .eh_frame      0x0000000008005674        0x0 c:/st/stm32cubeide_1.9.0/stm32cubeide/plugins/com.st.stm32cube.ide.mcu.externaltools.gnu-tools-for-stm32.10.3-2021.10.win32_1.0.0.202111181127/tools/bin/../lib/gcc/arm-none-eabi/10.3.1/thumb/v7e-m+fp/hard/crtbegin.o
 *(.init)
 .init          0x0000000008005674        0x4 c:/st/stm32cubeide_1.9.0/stm32cubeide/plugins/com.st.stm32cube.ide.mcu.externaltools.gnu-tools-for-stm32.10.3-2021.10.win32_1.0.0.202111181127/tools/bin/../lib/gcc/arm-none-eabi/10.3.1/thumb/v7e-m+fp/hard/crti.o
                0x0000000008005674                _init
 .init          0x0000000008005678        0x8 c:/st/stm32cubeide_1.9.0/stm32cubeide/plugins/com.st.stm32cube.ide.mcu.externaltools.gnu-tools-for-stm32.10.3-2021.10.win32_1.0.0.202111181127/tools/bin/../lib/gcc/arm-none-eabi/10.3.1/thumb/v7e-m+fp/hard/crtn.o
 *(.fini)
 .fini          0x0000000008005680        0x4 c:/st/stm32cubeide_1.9.0/stm32cubeide/plugins/com.st.stm32cube.ide.mcu.externaltools.gnu-tools-for-stm32.10.3-2021.10.win32_1.0.0.202111181127/tools/bin/../lib/gcc/arm-none-eabi/10.3.1/thumb/v7e-m+fp/hard/crti.o
                0x0000000008005680                _fini
 .fini          0x0000000008005684        0x8 c:/st/stm32cubeide_1.9.0/stm32cubeide/plugins/com.st.stm32cube.ide.mcu.externaltools.gnu-tools-for-stm32.10.3-2021.10.win32_1.0.0.202111181127/tools/bin/../lib/gcc/arm-none-eabi/10.3.1/thumb/v7e-m+fp/hard/crtn.o
                0x000000000800568c                . = ALIGN (0x4)
                0x000000000800568c                _etext = .

.vfp11_veneer   0x000000000800568c        0x0
 .vfp11_veneer  0x000000000800568c        0x0 linker stubs

.v4_bx          0x000000000800568c        0x0
 .v4_bx         0x000000000800568c        0x0 linker stubs

.iplt           0x000000000800568c        0x0
 .iplt          0x000000000800568c        0x0 c:/st/stm32cubeide_1.9.0/stm32cubeide/plugins/com.st.stm32cube.ide.mcu.externaltools.gnu-tools-for-stm32.10.3-2021.10.win32_1.0.0.202111181127/tools/bin/../lib/gcc/arm-none-eabi/10.3.1/thumb/v7e-m+fp/hard/crtbegin.o

.rodata         0x000000000800568c       0x18
                0x000000000800568c                . = ALIGN (0x4)
 *(.rodata)
 *(.rodata*)
 .rodata.AHBPrescTable
                0x000000000800568c       0x10 ./Core/Src/system_stm32f4xx.o
                0x000000000800568c                AHBPrescTable
 .rodata.APBPrescTable
                0x000000000800569c        0x8 ./Core/Src/system_stm32f4xx.o
                0x000000000800569c                APBPrescTable
                0x00000000080056a4                . = ALIGN (0x4)

.ARM.extab      0x00000000080056a4        0x0
                0x00000000080056a4                . = ALIGN (0x4)
 *(.ARM.extab* .gnu.linkonce.armextab.*)
                0x00000000080056a4                . = ALIGN (0x4)

.ARM            0x00000000080056a4        0x8
                0x00000000080056a4                . = ALIGN (0x4)
                0x00000000080056a4                __exidx_start = .
 *(.ARM.exidx*)
 .ARM.exidx     0x00000000080056a4        0x8 c:/st/stm32cubeide_1.9.0/stm32cubeide/plugins/com.st.stm32cube.ide.mcu.externaltools.gnu-tools-for-stm32.10.3-2021.10.win32_1.0.0.202111181127/tools/bin/../lib/gcc/arm-none-eabi/10.3.1/thumb/v7e-m+fp/hard\libgcc.a(_udivmoddi4.o)
                0x00000000080056ac                __exidx_end = .
                0x00000000080056ac                . = ALIGN (0x4)

.rel.dyn        0x00000000080056ac        0x0
 .rel.iplt      0x00000000080056ac        0x0 c:/st/stm32cubeide_1.9.0/stm32cubeide/plugins/com.st.stm32cube.ide.mcu.externaltools.gnu-tools-for-stm32.10.3-2021.10.win32_1.0.0.202111181127/tools/bin/../lib/gcc/arm-none-eabi/10.3.1/thumb/v7e-m+fp/hard/crtbegin.o

.preinit_array  0x00000000080056ac        0x0
                0x00000000080056ac                . = ALIGN (0x4)
                0x00000000080056ac                PROVIDE (__preinit_array_start = .)
 *(.preinit_array*)
                0x00000000080056ac                PROVIDE (__preinit_array_end = .)
                0x00000000080056ac                . = ALIGN (0x4)

.init_array     0x00000000080056ac        0x4
                0x00000000080056ac                . = ALIGN (0x4)
                0x00000000080056ac                PROVIDE (__init_array_start = .)
 *(SORT_BY_NAME(.init_array.*))
 *(.init_array*)
 .init_array    0x00000000080056ac        0x4 c:/st/stm32cubeide_1.9.0/stm32cubeide/plugins/com.st.stm32cube.ide.mcu.externaltools.gnu-tools-for-stm32.10.3-2021.10.win32_1.0.0.202111181127/tools/bin/../lib/gcc/arm-none-eabi/10.3.1/thumb/v7e-m+fp/hard/crtbegin.o
                0x00000000080056b0                PROVIDE (__init_array_end = .)
                0x00000000080056b0                . = ALIGN (0x4)

.fini_array     0x00000000080056b0        0x4
                0x00000000080056b0                . = ALIGN (0x4)
                [!provide]                        PROVIDE (__fini_array_start = .)
 *(SORT_BY_NAME(.fini_array.*))
 *(.fini_array*)
 .fini_array    0x00000000080056b0        0x4 c:/st/stm32cubeide_1.9.0/stm32cubeide/plugins/com.st.stm32cube.ide.mcu.externaltools.gnu-tools-for-stm32.10.3-2021.10.win32_1.0.0.202111181127/tools/bin/../lib/gcc/arm-none-eabi/10.3.1/thumb/v7e-m+fp/hard/crtbegin.o
                [!provide]                        PROVIDE (__fini_array_end = .)
                0x00000000080056b4                . = ALIGN (0x4)
                0x00000000080056b4                _sidata = LOADADDR (.data)

.data           0x0000000020000000       0x54 load address 0x00000000080056b4
                0x0000000020000000                . = ALIGN (0x4)
                0x0000000020000000                _sdata = .
 *(.data)
 *(.data*)
 .data.consigne_right
                0x0000000020000000        0x8 ./Core/Src/main.o
                0x0000000020000000                consigne_right
 .data.consigne_left
                0x0000000020000008        0x8 ./Core/Src/main.o
                0x0000000020000008                consigne_left
 .data.te       0x0000000020000010        0x8 ./Core/Src/main.o
                0x0000000020000010                te
 .data.ki_right
                0x0000000020000018        0x8 ./Core/Src/main.o
                0x0000000020000018                ki_right
 .data.kp_right
                0x0000000020000020        0x8 ./Core/Src/main.o
                0x0000000020000020                kp_right
 .data.kd_right
                0x0000000020000028        0x8 ./Core/Src/main.o
                0x0000000020000028                kd_right
 .data.ki_left  0x0000000020000030        0x8 ./Core/Src/main.o
                0x0000000020000030                ki_left
 .data.kp_left  0x0000000020000038        0x8 ./Core/Src/main.o
                0x0000000020000038                kp_left
 .data.TRIG_GPIO_Port1
                0x0000000020000040        0x4 ./Core/Src/main.o
                0x0000000020000040                TRIG_GPIO_Port1
 .data.TRIG_Pin1
                0x0000000020000044        0x2 ./Core/Src/main.o
                0x0000000020000044                TRIG_Pin1
 *fill*         0x0000000020000046        0x2 
 .data.SystemCoreClock
                0x0000000020000048        0x4 ./Core/Src/system_stm32f4xx.o
                0x0000000020000048                SystemCoreClock
 .data.uwTickPrio
                0x000000002000004c        0x4 ./Drivers/STM32F4xx_HAL_Driver/Src/stm32f4xx_hal.o
                0x000000002000004c                uwTickPrio
 .data.uwTickFreq
                0x0000000020000050        0x1 ./Drivers/STM32F4xx_HAL_Driver/Src/stm32f4xx_hal.o
                0x0000000020000050                uwTickFreq
 *(.RamFunc)
 *(.RamFunc*)
                0x0000000020000054                . = ALIGN (0x4)
 *fill*         0x0000000020000051        0x3 
                0x0000000020000054                _edata = .
                0x0000000008005708                _siccmram = LOADADDR (.ccmram)

.igot.plt       0x0000000020000054        0x0 load address 0x0000000008005708
 .igot.plt      0x0000000020000054        0x0 c:/st/stm32cubeide_1.9.0/stm32cubeide/plugins/com.st.stm32cube.ide.mcu.externaltools.gnu-tools-for-stm32.10.3-2021.10.win32_1.0.0.202111181127/tools/bin/../lib/gcc/arm-none-eabi/10.3.1/thumb/v7e-m+fp/hard/crtbegin.o

.ccmram         0x0000000010000000        0x0 load address 0x0000000008005708
                0x0000000010000000                . = ALIGN (0x4)
                0x0000000010000000                _sccmram = .
 *(.ccmram)
 *(.ccmram*)
                0x0000000010000000                . = ALIGN (0x4)
                0x0000000010000000                _eccmram = .
                0x0000000010000000                . = ALIGN (0x4)

.bss            0x0000000020000058      0x31c
                0x0000000020000058                _sbss = .
                0x0000000020000058                __bss_start__ = _sbss
 *(.bss)
 .bss           0x0000000020000058       0x1c c:/st/stm32cubeide_1.9.0/stm32cubeide/plugins/com.st.stm32cube.ide.mcu.externaltools.gnu-tools-for-stm32.10.3-2021.10.win32_1.0.0.202111181127/tools/bin/../lib/gcc/arm-none-eabi/10.3.1/thumb/v7e-m+fp/hard/crtbegin.o
 *(.bss*)
 .bss.htim1     0x0000000020000074       0x48 ./Core/Src/main.o
                0x0000000020000074                htim1
 .bss.htim2     0x00000000200000bc       0x48 ./Core/Src/main.o
                0x00000000200000bc                htim2
 .bss.htim3     0x0000000020000104       0x48 ./Core/Src/main.o
                0x0000000020000104                htim3
 .bss.htim4     0x000000002000014c       0x48 ./Core/Src/main.o
                0x000000002000014c                htim4
 .bss.htim5     0x0000000020000194       0x48 ./Core/Src/main.o
                0x0000000020000194                htim5
 .bss.htim6     0x00000000200001dc       0x48 ./Core/Src/main.o
                0x00000000200001dc                htim6
 .bss.htim8     0x0000000020000224       0x48 ./Core/Src/main.o
                0x0000000020000224                htim8
 .bss.huart2    0x000000002000026c       0x44 ./Core/Src/main.o
                0x000000002000026c                huart2
 .bss.TicksRight
                0x00000000200002b0        0x4 ./Core/Src/main.o
                0x00000000200002b0                TicksRight
 .bss.TicksLeft
                0x00000000200002b4        0x4 ./Core/Src/main.o
                0x00000000200002b4                TicksLeft
 .bss.tick_Counter_right
                0x00000000200002b8        0x4 ./Core/Src/main.o
                0x00000000200002b8                tick_Counter_right
 *fill*         0x00000000200002bc        0x4 
 .bss.tick_Period_right
                0x00000000200002c0        0x8 ./Core/Src/main.o
                0x00000000200002c0                tick_Period_right
 .bss.tick_Velocity_right
                0x00000000200002c8        0x8 ./Core/Src/main.o
                0x00000000200002c8                tick_Velocity_right
 .bss.integral_right
                0x00000000200002d0        0x8 ./Core/Src/main.o
                0x00000000200002d0                integral_right
 .bss.derive_right
                0x00000000200002d8        0x8 ./Core/Src/main.o
                0x00000000200002d8                derive_right
 .bss.voltage_right
                0x00000000200002e0        0x8 ./Core/Src/main.o
                0x00000000200002e0                voltage_right
 .bss.error_right
                0x00000000200002e8        0x8 ./Core/Src/main.o
                0x00000000200002e8                error_right
 .bss.error_previous_right
                0x00000000200002f0        0x8 ./Core/Src/main.o
                0x00000000200002f0                error_previous_right
 .bss.tick_Velocity_Prev_right
                0x00000000200002f8        0x8 ./Core/Src/main.o
                0x00000000200002f8                tick_Velocity_Prev_right
 .bss.tick_counter_left
                0x0000000020000300        0x4 ./Core/Src/main.o
                0x0000000020000300                tick_counter_left
 *fill*         0x0000000020000304        0x4 
 .bss.tick_period_left
                0x0000000020000308        0x8 ./Core/Src/main.o
                0x0000000020000308                tick_period_left
 .bss.tick_velocity_left
                0x0000000020000310        0x8 ./Core/Src/main.o
                0x0000000020000310                tick_velocity_left
 .bss.integral_left
                0x0000000020000318        0x8 ./Core/Src/main.o
                0x0000000020000318                integral_left
 .bss.derive_left
                0x0000000020000320        0x8 ./Core/Src/main.o
                0x0000000020000320                derive_left
 .bss.kd_left   0x0000000020000328        0x8 ./Core/Src/main.o
                0x0000000020000328                kd_left
 .bss.voltage_left
                0x0000000020000330        0x8 ./Core/Src/main.o
                0x0000000020000330                voltage_left
 .bss.error_left
                0x0000000020000338        0x8 ./Core/Src/main.o
                0x0000000020000338                error_left
 .bss.error_prev_left
                0x0000000020000340        0x8 ./Core/Src/main.o
                0x0000000020000340                error_prev_left
 .bss.tick_vfelocity_prev_left
                0x0000000020000348        0x8 ./Core/Src/main.o
                0x0000000020000348                tick_vfelocity_prev_left
 .bss.difference
                0x0000000020000350        0x8 ./Core/Src/main.o
                0x0000000020000350                difference
 .bss.distance  0x0000000020000358        0x4 ./Core/Src/main.o
                0x0000000020000358                distance
 .bss.edge2Time
                0x000000002000035c        0x4 ./Core/Src/main.o
                0x000000002000035c                edge2Time
 .bss.edge1Time
                0x0000000020000360        0x4 ./Core/Src/main.o
                0x0000000020000360                edge1Time
 .bss.icFlag    0x0000000020000364        0x4 ./Core/Src/main.o
                0x0000000020000364                icFlag
 .bss.captureIdx
                0x0000000020000368        0x4 ./Core/Src/main.o
                0x0000000020000368                captureIdx
 .bss.used      0x000000002000036c        0x4 ./Core/Src/main.o
                0x000000002000036c                used
 .bss.uwTick    0x0000000020000370        0x4 ./Drivers/STM32F4xx_HAL_Driver/Src/stm32f4xx_hal.o
                0x0000000020000370                uwTick
 *(COMMON)
                0x0000000020000374                . = ALIGN (0x4)
                0x0000000020000374                _ebss = .
                0x0000000020000374                __bss_end__ = _ebss

._user_heap_stack
                0x0000000020000374      0x604
                0x0000000020000378                . = ALIGN (0x8)
 *fill*         0x0000000020000374        0x4 
                [!provide]                        PROVIDE (end = .)
                0x0000000020000378                PROVIDE (_end = .)
                0x0000000020000578                . = (. + _Min_Heap_Size)
 *fill*         0x0000000020000378      0x200 
                0x0000000020000978                . = (. + _Min_Stack_Size)
 *fill*         0x0000000020000578      0x400 
                0x0000000020000978                . = ALIGN (0x8)

/DISCARD/
 libc.a(*)
 libm.a(*)
 libgcc.a(*)

.ARM.attributes
                0x0000000000000000       0x30
 *(.ARM.attributes)
 .ARM.attributes
                0x0000000000000000       0x1e c:/st/stm32cubeide_1.9.0/stm32cubeide/plugins/com.st.stm32cube.ide.mcu.externaltools.gnu-tools-for-stm32.10.3-2021.10.win32_1.0.0.202111181127/tools/bin/../lib/gcc/arm-none-eabi/10.3.1/thumb/v7e-m+fp/hard/crti.o
 .ARM.attributes
                0x000000000000001e       0x34 c:/st/stm32cubeide_1.9.0/stm32cubeide/plugins/com.st.stm32cube.ide.mcu.externaltools.gnu-tools-for-stm32.10.3-2021.10.win32_1.0.0.202111181127/tools/bin/../lib/gcc/arm-none-eabi/10.3.1/thumb/v7e-m+fp/hard/crtbegin.o
 .ARM.attributes
                0x0000000000000052       0x34 ./Core/Src/main.o
 .ARM.attributes
                0x0000000000000086       0x34 ./Core/Src/stm32f4xx_hal_msp.o
 .ARM.attributes
                0x00000000000000ba       0x34 ./Core/Src/stm32f4xx_it.o
 .ARM.attributes
                0x00000000000000ee       0x34 ./Core/Src/system_stm32f4xx.o
 .ARM.attributes
                0x0000000000000122       0x21 ./Core/Startup/startup_stm32f407vgtx.o
 .ARM.attributes
                0x0000000000000143       0x34 ./Drivers/STM32F4xx_HAL_Driver/Src/stm32f4xx_hal.o
 .ARM.attributes
                0x0000000000000177       0x34 ./Drivers/STM32F4xx_HAL_Driver/Src/stm32f4xx_hal_cortex.o
 .ARM.attributes
                0x00000000000001ab       0x34 ./Drivers/STM32F4xx_HAL_Driver/Src/stm32f4xx_hal_gpio.o
 .ARM.attributes
                0x00000000000001df       0x34 ./Drivers/STM32F4xx_HAL_Driver/Src/stm32f4xx_hal_rcc.o
 .ARM.attributes
                0x0000000000000213       0x34 ./Drivers/STM32F4xx_HAL_Driver/Src/stm32f4xx_hal_tim.o
 .ARM.attributes
                0x0000000000000247       0x34 ./Drivers/STM32F4xx_HAL_Driver/Src/stm32f4xx_hal_tim_ex.o
 .ARM.attributes
                0x000000000000027b       0x34 ./Drivers/STM32F4xx_HAL_Driver/Src/stm32f4xx_hal_uart.o
 .ARM.attributes
                0x00000000000002af       0x34 c:/st/stm32cubeide_1.9.0/stm32cubeide/plugins/com.st.stm32cube.ide.mcu.externaltools.gnu-tools-for-stm32.10.3-2021.10.win32_1.0.0.202111181127/tools/bin/../lib/gcc/arm-none-eabi/10.3.1/../../../../arm-none-eabi/lib/thumb/v7e-m+fp/hard\libc_nano.a(lib_a-init.o)
 .ARM.attributes
                0x00000000000002e3       0x34 c:/st/stm32cubeide_1.9.0/stm32cubeide/plugins/com.st.stm32cube.ide.mcu.externaltools.gnu-tools-for-stm32.10.3-2021.10.win32_1.0.0.202111181127/tools/bin/../lib/gcc/arm-none-eabi/10.3.1/../../../../arm-none-eabi/lib/thumb/v7e-m+fp/hard\libc_nano.a(lib_a-memset.o)
 .ARM.attributes
                0x0000000000000317       0x1e c:/st/stm32cubeide_1.9.0/stm32cubeide/plugins/com.st.stm32cube.ide.mcu.externaltools.gnu-tools-for-stm32.10.3-2021.10.win32_1.0.0.202111181127/tools/bin/../lib/gcc/arm-none-eabi/10.3.1/thumb/v7e-m+fp/hard\libgcc.a(_arm_addsubdf3.o)
 .ARM.attributes
                0x0000000000000335       0x1e c:/st/stm32cubeide_1.9.0/stm32cubeide/plugins/com.st.stm32cube.ide.mcu.externaltools.gnu-tools-for-stm32.10.3-2021.10.win32_1.0.0.202111181127/tools/bin/../lib/gcc/arm-none-eabi/10.3.1/thumb/v7e-m+fp/hard\libgcc.a(_arm_muldivdf3.o)
 .ARM.attributes
                0x0000000000000353       0x1e c:/st/stm32cubeide_1.9.0/stm32cubeide/plugins/com.st.stm32cube.ide.mcu.externaltools.gnu-tools-for-stm32.10.3-2021.10.win32_1.0.0.202111181127/tools/bin/../lib/gcc/arm-none-eabi/10.3.1/thumb/v7e-m+fp/hard\libgcc.a(_arm_cmpdf2.o)
 .ARM.attributes
                0x0000000000000371       0x1e c:/st/stm32cubeide_1.9.0/stm32cubeide/plugins/com.st.stm32cube.ide.mcu.externaltools.gnu-tools-for-stm32.10.3-2021.10.win32_1.0.0.202111181127/tools/bin/../lib/gcc/arm-none-eabi/10.3.1/thumb/v7e-m+fp/hard\libgcc.a(_arm_fixunsdfsi.o)
 .ARM.attributes
                0x000000000000038f       0x1e c:/st/stm32cubeide_1.9.0/stm32cubeide/plugins/com.st.stm32cube.ide.mcu.externaltools.gnu-tools-for-stm32.10.3-2021.10.win32_1.0.0.202111181127/tools/bin/../lib/gcc/arm-none-eabi/10.3.1/thumb/v7e-m+fp/hard\libgcc.a(_aeabi_uldivmod.o)
 .ARM.attributes
                0x00000000000003ad       0x34 c:/st/stm32cubeide_1.9.0/stm32cubeide/plugins/com.st.stm32cube.ide.mcu.externaltools.gnu-tools-for-stm32.10.3-2021.10.win32_1.0.0.202111181127/tools/bin/../lib/gcc/arm-none-eabi/10.3.1/thumb/v7e-m+fp/hard\libgcc.a(_udivmoddi4.o)
 .ARM.attributes
                0x00000000000003e1       0x1e c:/st/stm32cubeide_1.9.0/stm32cubeide/plugins/com.st.stm32cube.ide.mcu.externaltools.gnu-tools-for-stm32.10.3-2021.10.win32_1.0.0.202111181127/tools/bin/../lib/gcc/arm-none-eabi/10.3.1/thumb/v7e-m+fp/hard\libgcc.a(_dvmd_tls.o)
 .ARM.attributes
                0x00000000000003ff       0x1e c:/st/stm32cubeide_1.9.0/stm32cubeide/plugins/com.st.stm32cube.ide.mcu.externaltools.gnu-tools-for-stm32.10.3-2021.10.win32_1.0.0.202111181127/tools/bin/../lib/gcc/arm-none-eabi/10.3.1/thumb/v7e-m+fp/hard/crtn.o
OUTPUT(Ensi_Robot.elf elf32-littlearm)
LOAD linker stubs
LOAD c:/st/stm32cubeide_1.9.0/stm32cubeide/plugins/com.st.stm32cube.ide.mcu.externaltools.gnu-tools-for-stm32.10.3-2021.10.win32_1.0.0.202111181127/tools/bin/../lib/gcc/arm-none-eabi/10.3.1/../../../../arm-none-eabi/lib/thumb/v7e-m+fp/hard\libc.a
LOAD c:/st/stm32cubeide_1.9.0/stm32cubeide/plugins/com.st.stm32cube.ide.mcu.externaltools.gnu-tools-for-stm32.10.3-2021.10.win32_1.0.0.202111181127/tools/bin/../lib/gcc/arm-none-eabi/10.3.1/../../../../arm-none-eabi/lib/thumb/v7e-m+fp/hard\libm.a
LOAD c:/st/stm32cubeide_1.9.0/stm32cubeide/plugins/com.st.stm32cube.ide.mcu.externaltools.gnu-tools-for-stm32.10.3-2021.10.win32_1.0.0.202111181127/tools/bin/../lib/gcc/arm-none-eabi/10.3.1/thumb/v7e-m+fp/hard\libgcc.a

.debug_info     0x0000000000000000     0xd579
 .debug_info    0x0000000000000000     0x1bcb ./Core/Src/main.o
 .debug_info    0x0000000000001bcb     0x1118 ./Core/Src/stm32f4xx_hal_msp.o
 .debug_info    0x0000000000002ce3      0x790 ./Core/Src/stm32f4xx_it.o
 .debug_info    0x0000000000003473      0x523 ./Core/Src/system_stm32f4xx.o
 .debug_info    0x0000000000003996       0x22 ./Core/Startup/startup_stm32f407vgtx.o
 .debug_info    0x00000000000039b8      0x97c ./Drivers/STM32F4xx_HAL_Driver/Src/stm32f4xx_hal.o
 .debug_info    0x0000000000004334      0xe1b ./Drivers/STM32F4xx_HAL_Driver/Src/stm32f4xx_hal_cortex.o
 .debug_info    0x000000000000514f      0x76a ./Drivers/STM32F4xx_HAL_Driver/Src/stm32f4xx_hal_gpio.o
 .debug_info    0x00000000000058b9      0x966 ./Drivers/STM32F4xx_HAL_Driver/Src/stm32f4xx_hal_rcc.o
 .debug_info    0x000000000000621f     0x2bbe ./Drivers/STM32F4xx_HAL_Driver/Src/stm32f4xx_hal_tim.o
 .debug_info    0x0000000000008ddd     0x15e0 ./Drivers/STM32F4xx_HAL_Driver/Src/stm32f4xx_hal_tim_ex.o
 .debug_info    0x000000000000a3bd     0x31bc ./Drivers/STM32F4xx_HAL_Driver/Src/stm32f4xx_hal_uart.o

.debug_abbrev   0x0000000000000000     0x1926
 .debug_abbrev  0x0000000000000000      0x329 ./Core/Src/main.o
 .debug_abbrev  0x0000000000000329      0x20a ./Core/Src/stm32f4xx_hal_msp.o
 .debug_abbrev  0x0000000000000533      0x184 ./Core/Src/stm32f4xx_it.o
 .debug_abbrev  0x00000000000006b7      0x116 ./Core/Src/system_stm32f4xx.o
 .debug_abbrev  0x00000000000007cd       0x12 ./Core/Startup/startup_stm32f407vgtx.o
 .debug_abbrev  0x00000000000007df      0x20d ./Drivers/STM32F4xx_HAL_Driver/Src/stm32f4xx_hal.o
 .debug_abbrev  0x00000000000009ec      0x316 ./Drivers/STM32F4xx_HAL_Driver/Src/stm32f4xx_hal_cortex.o
 .debug_abbrev  0x0000000000000d02      0x1c4 ./Drivers/STM32F4xx_HAL_Driver/Src/stm32f4xx_hal_gpio.o
 .debug_abbrev  0x0000000000000ec6      0x2aa ./Drivers/STM32F4xx_HAL_Driver/Src/stm32f4xx_hal_rcc.o
 .debug_abbrev  0x0000000000001170      0x25d ./Drivers/STM32F4xx_HAL_Driver/Src/stm32f4xx_hal_tim.o
 .debug_abbrev  0x00000000000013cd      0x265 ./Drivers/STM32F4xx_HAL_Driver/Src/stm32f4xx_hal_tim_ex.o
 .debug_abbrev  0x0000000000001632      0x2f4 ./Drivers/STM32F4xx_HAL_Driver/Src/stm32f4xx_hal_uart.o

.debug_aranges  0x0000000000000000      0xc18
 .debug_aranges
                0x0000000000000000       0xe0 ./Core/Src/main.o
 .debug_aranges
                0x00000000000000e0       0x48 ./Core/Src/stm32f4xx_hal_msp.o
 .debug_aranges
                0x0000000000000128       0x80 ./Core/Src/stm32f4xx_it.o
 .debug_aranges
                0x00000000000001a8       0x28 ./Core/Src/system_stm32f4xx.o
 .debug_aranges
                0x00000000000001d0       0x28 ./Core/Startup/startup_stm32f407vgtx.o
 .debug_aranges
                0x00000000000001f8       0xf0 ./Drivers/STM32F4xx_HAL_Driver/Src/stm32f4xx_hal.o
 .debug_aranges
                0x00000000000002e8      0x118 ./Drivers/STM32F4xx_HAL_Driver/Src/stm32f4xx_hal_cortex.o
 .debug_aranges
                0x0000000000000400       0x58 ./Drivers/STM32F4xx_HAL_Driver/Src/stm32f4xx_hal_gpio.o
 .debug_aranges
                0x0000000000000458       0x88 ./Drivers/STM32F4xx_HAL_Driver/Src/stm32f4xx_hal_rcc.o
 .debug_aranges
                0x00000000000004e0      0x3d0 ./Drivers/STM32F4xx_HAL_Driver/Src/stm32f4xx_hal_tim.o
 .debug_aranges
                0x00000000000008b0      0x168 ./Drivers/STM32F4xx_HAL_Driver/Src/stm32f4xx_hal_tim_ex.o
 .debug_aranges
                0x0000000000000a18      0x200 ./Drivers/STM32F4xx_HAL_Driver/Src/stm32f4xx_hal_uart.o

.debug_ranges   0x0000000000000000      0xb90
 .debug_ranges  0x0000000000000000       0xd0 ./Core/Src/main.o
 .debug_ranges  0x00000000000000d0       0x38 ./Core/Src/stm32f4xx_hal_msp.o
 .debug_ranges  0x0000000000000108       0x70 ./Core/Src/stm32f4xx_it.o
 .debug_ranges  0x0000000000000178       0x18 ./Core/Src/system_stm32f4xx.o
 .debug_ranges  0x0000000000000190       0x20 ./Core/Startup/startup_stm32f407vgtx.o
 .debug_ranges  0x00000000000001b0       0xe0 ./Drivers/STM32F4xx_HAL_Driver/Src/stm32f4xx_hal.o
 .debug_ranges  0x0000000000000290      0x108 ./Drivers/STM32F4xx_HAL_Driver/Src/stm32f4xx_hal_cortex.o
 .debug_ranges  0x0000000000000398       0x48 ./Drivers/STM32F4xx_HAL_Driver/Src/stm32f4xx_hal_gpio.o
 .debug_ranges  0x00000000000003e0       0x78 ./Drivers/STM32F4xx_HAL_Driver/Src/stm32f4xx_hal_rcc.o
 .debug_ranges  0x0000000000000458      0x3c0 ./Drivers/STM32F4xx_HAL_Driver/Src/stm32f4xx_hal_tim.o
 .debug_ranges  0x0000000000000818      0x158 ./Drivers/STM32F4xx_HAL_Driver/Src/stm32f4xx_hal_tim_ex.o
 .debug_ranges  0x0000000000000970      0x220 ./Drivers/STM32F4xx_HAL_Driver/Src/stm32f4xx_hal_uart.o

.debug_macro    0x0000000000000000    0x20c13
 .debug_macro   0x0000000000000000      0x378 ./Core/Src/main.o
 .debug_macro   0x0000000000000378      0xa78 ./Core/Src/main.o
 .debug_macro   0x0000000000000df0      0x29b ./Core/Src/main.o
 .debug_macro   0x000000000000108b       0x2e ./Core/Src/main.o
 .debug_macro   0x00000000000010b9       0x2f ./Core/Src/main.o
 .debug_macro   0x00000000000010e8       0x22 ./Core/Src/main.o
 .debug_macro   0x000000000000110a       0x8e ./Core/Src/main.o
 .debug_macro   0x0000000000001198       0x51 ./Core/Src/main.o
 .debug_macro   0x00000000000011e9      0x103 ./Core/Src/main.o
 .debug_macro   0x00000000000012ec       0x6a ./Core/Src/main.o
 .debug_macro   0x0000000000001356      0x1df ./Core/Src/main.o
 .debug_macro   0x0000000000001535       0x1c ./Core/Src/main.o
 .debug_macro   0x0000000000001551       0x22 ./Core/Src/main.o
 .debug_macro   0x0000000000001573       0xd9 ./Core/Src/main.o
 .debug_macro   0x000000000000164c     0x102d ./Core/Src/main.o
 .debug_macro   0x0000000000002679      0x11f ./Core/Src/main.o
 .debug_macro   0x0000000000002798    0x15e82 ./Core/Src/main.o
 .debug_macro   0x000000000001861a       0x6d ./Core/Src/main.o
 .debug_macro   0x0000000000018687     0x367e ./Core/Src/main.o
 .debug_macro   0x000000000001bd05      0x174 ./Core/Src/main.o
 .debug_macro   0x000000000001be79       0x5c ./Core/Src/main.o
 .debug_macro   0x000000000001bed5      0x96b ./Core/Src/main.o
 .debug_macro   0x000000000001c840      0x9fe ./Core/Src/main.o
 .debug_macro   0x000000000001d23e      0x115 ./Core/Src/main.o
 .debug_macro   0x000000000001d353      0x13e ./Core/Src/main.o
 .debug_macro   0x000000000001d491       0xa5 ./Core/Src/main.o
 .debug_macro   0x000000000001d536      0x174 ./Core/Src/main.o
 .debug_macro   0x000000000001d6aa      0x287 ./Core/Src/main.o
 .debug_macro   0x000000000001d931       0x5f ./Core/Src/main.o
 .debug_macro   0x000000000001d990      0x236 ./Core/Src/main.o
 .debug_macro   0x000000000001dbc6      0x12c ./Core/Src/main.o
 .debug_macro   0x000000000001dcf2      0x21e ./Core/Src/main.o
 .debug_macro   0x000000000001df10       0x2e ./Core/Src/main.o
 .debug_macro   0x000000000001df3e      0x11a ./Core/Src/main.o
 .debug_macro   0x000000000001e058       0x7e ./Core/Src/main.o
 .debug_macro   0x000000000001e0d6       0x89 ./Core/Src/main.o
 .debug_macro   0x000000000001e15f      0x8e6 ./Core/Src/main.o
 .debug_macro   0x000000000001ea45       0x47 ./Core/Src/main.o
 .debug_macro   0x000000000001ea8c      0x295 ./Core/Src/main.o
 .debug_macro   0x000000000001ed21      0x12d ./Core/Src/main.o
 .debug_macro   0x000000000001ee4e       0x1c ./Core/Src/main.o
 .debug_macro   0x000000000001ee6a       0x52 ./Core/Src/main.o
 .debug_macro   0x000000000001eebc       0x1e ./Core/Src/main.o
 .debug_macro   0x000000000001eeda       0x3c ./Core/Src/main.o
 .debug_macro   0x000000000001ef16       0x34 ./Core/Src/main.o
 .debug_macro   0x000000000001ef4a       0x16 ./Core/Src/main.o
 .debug_macro   0x000000000001ef60       0x43 ./Core/Src/main.o
 .debug_macro   0x000000000001efa3       0x34 ./Core/Src/main.o
 .debug_macro   0x000000000001efd7       0x10 ./Core/Src/main.o
 .debug_macro   0x000000000001efe7       0x58 ./Core/Src/main.o
 .debug_macro   0x000000000001f03f       0x71 ./Core/Src/main.o
 .debug_macro   0x000000000001f0b0       0x1c ./Core/Src/main.o
 .debug_macro   0x000000000001f0cc      0x12a ./Core/Src/main.o
 .debug_macro   0x000000000001f1f6      0x341 ./Core/Src/main.o
 .debug_macro   0x000000000001f537       0x10 ./Core/Src/main.o
 .debug_macro   0x000000000001f547       0x35 ./Core/Src/main.o
 .debug_macro   0x000000000001f57c       0x20 ./Core/Src/main.o
 .debug_macro   0x000000000001f59c       0x1c ./Core/Src/main.o
 .debug_macro   0x000000000001f5b8       0x10 ./Core/Src/main.o
 .debug_macro   0x000000000001f5c8       0x10 ./Core/Src/main.o
 .debug_macro   0x000000000001f5d8       0x1c ./Core/Src/main.o
 .debug_macro   0x000000000001f5f4       0x52 ./Core/Src/main.o
 .debug_macro   0x000000000001f646       0x22 ./Core/Src/main.o
 .debug_macro   0x000000000001f668       0x10 ./Core/Src/main.o
 .debug_macro   0x000000000001f678       0x52 ./Core/Src/main.o
 .debug_macro   0x000000000001f6ca       0xd5 ./Core/Src/main.o
 .debug_macro   0x000000000001f79f       0x1c ./Core/Src/main.o
 .debug_macro   0x000000000001f7bb       0x3d ./Core/Src/main.o
 .debug_macro   0x000000000001f7f8       0x16 ./Core/Src/main.o
 .debug_macro   0x000000000001f80e      0x145 ./Core/Src/main.o
 .debug_macro   0x000000000001f953      0x1dd ./Core/Src/stm32f4xx_hal_msp.o
 .debug_macro   0x000000000001fb30      0x1e7 ./Core/Src/stm32f4xx_it.o
 .debug_macro   0x000000000001fd17      0x1ce ./Core/Src/system_stm32f4xx.o
 .debug_macro   0x000000000001fee5      0x22e ./Drivers/STM32F4xx_HAL_Driver/Src/stm32f4xx_hal.o
 .debug_macro   0x0000000000020113      0x1ce ./Drivers/STM32F4xx_HAL_Driver/Src/stm32f4xx_hal_cortex.o
 .debug_macro   0x00000000000202e1      0x1d4 ./Drivers/STM32F4xx_HAL_Driver/Src/stm32f4xx_hal_gpio.o
 .debug_macro   0x00000000000204b5      0x1f2 ./Drivers/STM32F4xx_HAL_Driver/Src/stm32f4xx_hal_rcc.o
 .debug_macro   0x00000000000206a7      0x1cf ./Drivers/STM32F4xx_HAL_Driver/Src/stm32f4xx_hal_tim.o
 .debug_macro   0x0000000000020876      0x1ce ./Drivers/STM32F4xx_HAL_Driver/Src/stm32f4xx_hal_tim_ex.o
 .debug_macro   0x0000000000020a44      0x1cf ./Drivers/STM32F4xx_HAL_Driver/Src/stm32f4xx_hal_uart.o

.debug_line     0x0000000000000000     0xd1da
 .debug_line    0x0000000000000000     0x1117 ./Core/Src/main.o
 .debug_line    0x0000000000001117      0x89c ./Core/Src/stm32f4xx_hal_msp.o
 .debug_line    0x00000000000019b3      0x7da ./Core/Src/stm32f4xx_it.o
 .debug_line    0x000000000000218d      0x739 ./Core/Src/system_stm32f4xx.o
 .debug_line    0x00000000000028c6       0x88 ./Core/Startup/startup_stm32f407vgtx.o
 .debug_line    0x000000000000294e      0x99f ./Drivers/STM32F4xx_HAL_Driver/Src/stm32f4xx_hal.o
 .debug_line    0x00000000000032ed      0xc4e ./Drivers/STM32F4xx_HAL_Driver/Src/stm32f4xx_hal_cortex.o
 .debug_line    0x0000000000003f3b      0xb13 ./Drivers/STM32F4xx_HAL_Driver/Src/stm32f4xx_hal_gpio.o
 .debug_line    0x0000000000004a4e      0xd19 ./Drivers/STM32F4xx_HAL_Driver/Src/stm32f4xx_hal_rcc.o
 .debug_line    0x0000000000005767     0x3693 ./Drivers/STM32F4xx_HAL_Driver/Src/stm32f4xx_hal_tim.o
 .debug_line    0x0000000000008dfa     0x199c ./Drivers/STM32F4xx_HAL_Driver/Src/stm32f4xx_hal_tim_ex.o
 .debug_line    0x000000000000a796     0x2a44 ./Drivers/STM32F4xx_HAL_Driver/Src/stm32f4xx_hal_uart.o

.debug_str      0x0000000000000000    0xcae46
 .debug_str     0x0000000000000000    0xc83e6 ./Core/Src/main.o
                                      0xc87ab (size before relaxing)
 .debug_str     0x00000000000c83e6      0x5b3 ./Core/Src/stm32f4xx_hal_msp.o
                                      0xc4528 (size before relaxing)
 .debug_str     0x00000000000c8999      0x120 ./Core/Src/stm32f4xx_it.o
                                      0xc3d03 (size before relaxing)
 .debug_str     0x00000000000c8ab9       0xdb ./Core/Src/system_stm32f4xx.o
                                      0xc3836 (size before relaxing)
 .debug_str     0x00000000000c8b94       0x36 ./Core/Startup/startup_stm32f407vgtx.o
                                         0x74 (size before relaxing)
 .debug_str     0x00000000000c8bca      0x601 ./Drivers/STM32F4xx_HAL_Driver/Src/stm32f4xx_hal.o
                                      0xc43ba (size before relaxing)
 .debug_str     0x00000000000c91cb      0x31d ./Drivers/STM32F4xx_HAL_Driver/Src/stm32f4xx_hal_cortex.o
                                      0xc40ed (size before relaxing)
 .debug_str     0x00000000000c94e8      0x110 ./Drivers/STM32F4xx_HAL_Driver/Src/stm32f4xx_hal_gpio.o
                                      0xc39b1 (size before relaxing)
 .debug_str     0x00000000000c95f8      0x233 ./Drivers/STM32F4xx_HAL_Driver/Src/stm32f4xx_hal_rcc.o
                                      0xc3c6a (size before relaxing)
 .debug_str     0x00000000000c982b      0xc23 ./Drivers/STM32F4xx_HAL_Driver/Src/stm32f4xx_hal_tim.o
                                      0xc4bb0 (size before relaxing)
 .debug_str     0x00000000000ca44e      0x3e1 ./Drivers/STM32F4xx_HAL_Driver/Src/stm32f4xx_hal_tim_ex.o
                                      0xc43cc (size before relaxing)
 .debug_str     0x00000000000ca82f      0x617 ./Drivers/STM32F4xx_HAL_Driver/Src/stm32f4xx_hal_uart.o
                                      0xc4209 (size before relaxing)

.comment        0x0000000000000000       0x50
 .comment       0x0000000000000000       0x50 ./Core/Src/main.o
                                         0x51 (size before relaxing)
 .comment       0x0000000000000050       0x51 ./Core/Src/stm32f4xx_hal_msp.o
 .comment       0x0000000000000050       0x51 ./Core/Src/stm32f4xx_it.o
 .comment       0x0000000000000050       0x51 ./Core/Src/system_stm32f4xx.o
 .comment       0x0000000000000050       0x51 ./Drivers/STM32F4xx_HAL_Driver/Src/stm32f4xx_hal.o
 .comment       0x0000000000000050       0x51 ./Drivers/STM32F4xx_HAL_Driver/Src/stm32f4xx_hal_cortex.o
 .comment       0x0000000000000050       0x51 ./Drivers/STM32F4xx_HAL_Driver/Src/stm32f4xx_hal_gpio.o
 .comment       0x0000000000000050       0x51 ./Drivers/STM32F4xx_HAL_Driver/Src/stm32f4xx_hal_rcc.o
 .comment       0x0000000000000050       0x51 ./Drivers/STM32F4xx_HAL_Driver/Src/stm32f4xx_hal_tim.o
 .comment       0x0000000000000050       0x51 ./Drivers/STM32F4xx_HAL_Driver/Src/stm32f4xx_hal_tim_ex.o
 .comment       0x0000000000000050       0x51 ./Drivers/STM32F4xx_HAL_Driver/Src/stm32f4xx_hal_uart.o

.debug_frame    0x0000000000000000     0x3514
 .debug_frame   0x0000000000000000      0x354 ./Core/Src/main.o
 .debug_frame   0x0000000000000354       0xf0 ./Core/Src/stm32f4xx_hal_msp.o
 .debug_frame   0x0000000000000444      0x174 ./Core/Src/stm32f4xx_it.o
 .debug_frame   0x00000000000005b8       0x58 ./Core/Src/system_stm32f4xx.o
 .debug_frame   0x0000000000000610      0x374 ./Drivers/STM32F4xx_HAL_Driver/Src/stm32f4xx_hal.o
 .debug_frame   0x0000000000000984      0x498 ./Drivers/STM32F4xx_HAL_Driver/Src/stm32f4xx_hal_cortex.o
 .debug_frame   0x0000000000000e1c      0x14c ./Drivers/STM32F4xx_HAL_Driver/Src/stm32f4xx_hal_gpio.o
 .debug_frame   0x0000000000000f68      0x1f4 ./Drivers/STM32F4xx_HAL_Driver/Src/stm32f4xx_hal_rcc.o
 .debug_frame   0x000000000000115c     0x11c4 ./Drivers/STM32F4xx_HAL_Driver/Src/stm32f4xx_hal_tim.o
 .debug_frame   0x0000000000002320      0x638 ./Drivers/STM32F4xx_HAL_Driver/Src/stm32f4xx_hal_tim_ex.o
 .debug_frame   0x0000000000002958      0x92c ./Drivers/STM32F4xx_HAL_Driver/Src/stm32f4xx_hal_uart.o
 .debug_frame   0x0000000000003284       0x2c c:/st/stm32cubeide_1.9.0/stm32cubeide/plugins/com.st.stm32cube.ide.mcu.externaltools.gnu-tools-for-stm32.10.3-2021.10.win32_1.0.0.202111181127/tools/bin/../lib/gcc/arm-none-eabi/10.3.1/../../../../arm-none-eabi/lib/thumb/v7e-m+fp/hard\libc_nano.a(lib_a-init.o)
 .debug_frame   0x00000000000032b0       0x20 c:/st/stm32cubeide_1.9.0/stm32cubeide/plugins/com.st.stm32cube.ide.mcu.externaltools.gnu-tools-for-stm32.10.3-2021.10.win32_1.0.0.202111181127/tools/bin/../lib/gcc/arm-none-eabi/10.3.1/../../../../arm-none-eabi/lib/thumb/v7e-m+fp/hard\libc_nano.a(lib_a-memset.o)
 .debug_frame   0x00000000000032d0       0xac c:/st/stm32cubeide_1.9.0/stm32cubeide/plugins/com.st.stm32cube.ide.mcu.externaltools.gnu-tools-for-stm32.10.3-2021.10.win32_1.0.0.202111181127/tools/bin/../lib/gcc/arm-none-eabi/10.3.1/thumb/v7e-m+fp/hard\libgcc.a(_arm_addsubdf3.o)
 .debug_frame   0x000000000000337c       0x50 c:/st/stm32cubeide_1.9.0/stm32cubeide/plugins/com.st.stm32cube.ide.mcu.externaltools.gnu-tools-for-stm32.10.3-2021.10.win32_1.0.0.202111181127/tools/bin/../lib/gcc/arm-none-eabi/10.3.1/thumb/v7e-m+fp/hard\libgcc.a(_arm_muldivdf3.o)
 .debug_frame   0x00000000000033cc       0xc4 c:/st/stm32cubeide_1.9.0/stm32cubeide/plugins/com.st.stm32cube.ide.mcu.externaltools.gnu-tools-for-stm32.10.3-2021.10.win32_1.0.0.202111181127/tools/bin/../lib/gcc/arm-none-eabi/10.3.1/thumb/v7e-m+fp/hard\libgcc.a(_arm_cmpdf2.o)
 .debug_frame   0x0000000000003490       0x24 c:/st/stm32cubeide_1.9.0/stm32cubeide/plugins/com.st.stm32cube.ide.mcu.externaltools.gnu-tools-for-stm32.10.3-2021.10.win32_1.0.0.202111181127/tools/bin/../lib/gcc/arm-none-eabi/10.3.1/thumb/v7e-m+fp/hard\libgcc.a(_arm_fixunsdfsi.o)
 .debug_frame   0x00000000000034b4       0x2c c:/st/stm32cubeide_1.9.0/stm32cubeide/plugins/com.st.stm32cube.ide.mcu.externaltools.gnu-tools-for-stm32.10.3-2021.10.win32_1.0.0.202111181127/tools/bin/../lib/gcc/arm-none-eabi/10.3.1/thumb/v7e-m+fp/hard\libgcc.a(_aeabi_uldivmod.o)
 .debug_frame   0x00000000000034e0       0x34 c:/st/stm32cubeide_1.9.0/stm32cubeide/plugins/com.st.stm32cube.ide.mcu.externaltools.gnu-tools-for-stm32.10.3-2021.10.win32_1.0.0.202111181127/tools/bin/../lib/gcc/arm-none-eabi/10.3.1/thumb/v7e-m+fp/hard\libgcc.a(_udivmoddi4.o)
